 -------------------------
 Symbol         | Location
 ---------------+---------
 ACTUALIZAR_MAX |   144
 CONTADOR       |   182
 DISCOUNTLOOP   |   106
 ESIMPAR        |   139
 ESPAR          |   132
 FIN            |   173
 INICIO         |   10C
 LOOP           |   102
 MAX            |   183
 NO_UPDATE      |   14C
 a              |   174
 ciclo          |   117
 cicloCollatz   |   112
 cicloRes       |   11B
 div            |   14D
 div_a          |   17E
 div_endw       |   160
 div_one        |   181
 div_q          |   17F
 div_r          |   180
 div_while      |   152
 dos            |   17C
 es_impar       |   122
 es_par         |   127
 finCollatz     |   12C
 mul            |   162
 mul_a          |   17A
 mul_endw       |   171
 mul_i          |   177
 mul_m          |   176
 mul_one        |   179
 mul_while      |   166
 next           |   15B
 no_action      |   120
 positiv        |   158
 tres           |   17D
 uno            |   17B
 verify         |   116
 verify_a       |   175
 zero           |   178
